AR accu behavioral C:/Users/Michael/Documents/VHDLproject/DDSGenerator/Accu.vhd sub00/vhpl03 1332276792
EN top NULL C:/Users/Michael/Documents/VHDLproject/DDSGenerator/Top.vhd sub00/vhpl00 1332276795
AR lut behavioral C:/Users/Michael/Documents/VHDLproject/DDSGenerator/Lut.vhd sub00/vhpl05 1332278264
EN lut NULL C:/Users/Michael/Documents/VHDLproject/DDSGenerator/Lut.vhd sub00/vhpl04 1332278263
EN accu NULL C:/Users/Michael/Documents/VHDLproject/DDSGenerator/Accu.vhd sub00/vhpl02 1332276791
AR top behavioral C:/Users/Michael/Documents/VHDLproject/DDSGenerator/Top.vhd sub00/vhpl01 1332276796
